// Jest Snapshot v1, https://goo.gl/fbAQLP

exports[`mocking props 1`] = `
<div>
  <Card
    email="jack@gmail.com"
    id={10}
    key="0"
    name="jack"
  />
</div>
`;
